@ref1_grp1_p001 1:N:0:GT
GT
+
""
@ref1_grp1_p002 1:N:0:TT
TT
+
""
@ref1_grp2_p001 1:N:0:CA
CA
+
cd
